---
source: crates/aggkit-prover-config/tests/validate_deserialize.rs
expression: config
---
grpc-endpoint = "127.0.0.1:8081"

[grpc]
max-decoding-message-size = 104857600

[log]
level = "info"
outputs = []
format = "pretty"

[telemetry]
prometheus-addr = "0.0.0.0:3001"

[shutdown]
runtime-timeout = "5s"

[primary-prover.network-prover]
proving-timeout = "5m"
