---
source: crates/aggkit-prover-config/tests/validate_deserialize.rs
expression: config
---
grpc-endpoint = "127.0.0.1:8081"

[log]
level = "info"
outputs = []
format = "pretty"

[telemetry]
prometheus-addr = "0.0.0.0:3001"

[shutdown]
runtime-timeout = "5s"

[aggchain-proof-service.aggchain-proof-builder]
l1-rpc-endpoint = "http://127.0.0.1:8545/"
l2-rpc-endpoint = "http://127.0.0.1:8546/"
rollup-id = 0

[aggchain-proof-service.proposer-service.client]
proposer-endpoint = "http://127.0.0.1:3000/"
sp1-cluster-endpoint = "https://rpc.production.succinct.xyz/"
prover-program = []

[aggchain-proof-service.proposer-service.client.proving-timeout]
secs = 3600
nanos = 0

[primary-prover.network-prover]
proving-timeout = "5m"
